[www.fixoin.com/index.html]
[backblue.gif]
[fade.gif]
[index.html]
[www.fixoin.com/images/x.ico]
[www.fixoin.com/css/front.css]
[www.fixoin.com/css/style.css]
[www.fixoin.com/nav/css/styles.css]
[www.fixoin.com/css/bootstrap.min.css]
[www.fixoin.com/font/css/font-awesome.min.css]
[www.fixoin.com/js/bootstrap.min.js]
[www.fixoin.com/images/FIXOIN.png]
[www.fixoin.com/images/facebook.png]
[www.fixoin.com/images/google.png]
[www.fixoin.com/images/twitter.png]
[www.fixoin.com/images/linkedin.jpg]
[www.fixoin.com/images/youtube.png]
[www.fixoin.com/index-2.html]
[www.fixoin.com/register.html]
[www.fixoin.com/track.html]
[www.fixoin.com/searchmob.html]
[www.fixoin.com/about.html]
[www.fixoin.com/branches.html]
[www.fixoin.com/termsandconditions.html]
[www.fixoin.com/contact.html]
[www.fixoin.com/images/blinking_new.gif]
[www.fixoin.com/images/software.jpg]
[www.fixoin.com/images/hardware.jpg]
[www.fixoin.com/images/domain.jpg]
[www.fixoin.com/images/electrical.jpg]
[www.fixoin.com/images/beautyandspa.png]
[www.fixoin.com/images/pujasamagri.png]
[www.fixoin.com/images/astrology.png]
[www.fixoin.com/images/event.jpg]
[www.fixoin.com/images/electronics.jpg]
[www.fixoin.com/images/construction.jpg]
[www.fixoin.com/images/plumbing.jpg]
[www.fixoin.com/images/waterpurifier.png]
[www.fixoin.com/images/tour.jpg]
[www.fixoin.com/images/hotel.jpg]
[www.fixoin.com/images/automobile.jpg]
[www.fixoin.com/images/legal.jpg]
[www.fixoin.com/images/coaching.jpg]
[www.fixoin.com/images/medical.jpg]
[www.fixoin.com/images/real.jpg]
[www.fixoin.com/images/rental.jpg]
[www.fixoin.com/index.html]
[www.fixoin.com/images/bgimg.jpg]
[www.fixoin.com/css/front.css]
[www.fixoin.com/css/style.css]
[www.fixoin.com/nav/css/bootstrap.min.css]
[www.fixoin.com/nav/css/bootstrap-responsive.min.css]
[www.fixoin.com/nav/css/styles.css]
[www.fixoin.com/fonts/glyphicons-halflings-regular.eot]
[www.fixoin.com/fonts/glyphicons-halflings-regulard41d.eot]
[www.fixoin.com/fonts/glyphicons-halflings-regular.woff2]
[www.fixoin.com/fonts/glyphicons-halflings-regular.woff]
[www.fixoin.com/fonts/glyphicons-halflings-regular.ttf]
[www.fixoin.com/fonts/glyphicons-halflings-regular.svg]
[www.fixoin.com/css/bootstrap.min.css]
[www.fixoin.com/font/fonts/fontawesome-webfont3e6e.eot]
[www.fixoin.com/font/fonts/fontawesome-webfont3e6e.woff2]
[www.fixoin.com/font/fonts/fontawesome-webfontd41d.eot]
[www.fixoin.com/font/fonts/fontawesome-webfont3e6e.woff]
[www.fixoin.com/font/fonts/fontawesome-webfont3e6e.ttf]
[www.fixoin.com/font/css/font-awesome.min.css]
[www.fixoin.com/index-2.html]
[www.fixoin.com/register.html]
[www.fixoin.com/font/fonts/fontawesome-webfont3e6e.svg]
[www.fixoin.com/css/bootstrap-theme.min.css]
[www.fixoin.com/js/jquery.js]
[www.fixoin.com/js/jquery.min.js]
[www.fixoin.com/myjs/js_track_tno.js]
[www.fixoin.com/track.html]
[www.fixoin.com/myjs/js_track_mno.js]
[www.fixoin.com/searchmob.html]
[www.fixoin.com/www.alakainfotech.com]
[www.fixoin.com/about.html]
[www.fixoin.com/branches.html]
[www.fixoin.com/termsandconditions.html]
[www.fixoin.com/contact.html]
[www.fixoin.com/nav/img/glyphicons-halflings.png]
[www.fixoin.com/nav/img/glyphicons-halflings-white.png]
[www.fixoin.com/nav/css/bootstrap.min.css]
[www.fixoin.com/nav/css/bootstrap-responsive.min.css]
[www.fixoin.com/fonts/glyphicons-halflings-regular.svg]
[www.fixoin.com/font/fonts/fontawesome-webfont3e6e.svg]
[www.fixoin.com/css/bootstrap-theme.min.css]
[www.fixoin.com/www.alakainfotech.html]
[www.fixoin.com/nav/img/glyphicons-halflings.html]
[www.fixoin.com/nav/img/glyphicons-halflings-white.html]
